<?xml version="1.0" encoding="utf-8"?>
<TestRun id="498dfc00-9581-44dd-a3c4-a2389e4f9127" name="@desktop 2026-04-05 15:03:42" xmlns="http://microsoft.com/schemas/VisualStudio/TeamTest/2010">
  <Times creation="2026-04-05T15:03:42.5162518+02:00" queuing="2026-04-05T15:03:42.5162519+02:00" start="2026-04-05T15:02:40.5569130+02:00" finish="2026-04-05T15:03:44.2543136+02:00" />
  <TestSettings name="default" id="26b4f51d-3a09-4ec6-bdb5-57f98c802676">
    <Deployment runDeploymentRoot="_desktop_2026-04-05_15_03_42" />
  </TestSettings>
  <Results>
    <UnitTestResult executionId="ee09ec6e-1931-4762-9c13-fd5c46686d5b" testId="de0ae4e6-6a79-bb97-c851-30583a8e308d" testName="RediensIAM.IntegrationTests.Tests.Auth.MfaLoginTests.Login_ProjectRequiresMfa_UserHasNoMfa_ReturnsMfaSetupRequired" computerName="desktop" duration="00:00:01.5537402" startTime="2026-04-05T15:03:40.9012096+02:00" endTime="2026-04-05T15:03:42.4536196+02:00" testType="13cdc9d9-ddb5-4fa4-a97d-d965ccfc6d4b" outcome="Failed" testListId="8c84fa94-04c1-424b-9868-57a2d4851a1d" relativeResultsDirectory="ee09ec6e-1931-4762-9c13-fd5c46686d5b">
      <Output>
        <ErrorInfo>
          <Message>System.Collections.Generic.KeyNotFoundException : The given key was not present in the dictionary.</Message>
          <StackTrace>   at System.Text.Json.JsonElement.GetProperty(String propertyName)
   at RediensIAM.IntegrationTests.Tests.Auth.MfaLoginTests.Login_ProjectRequiresMfa_UserHasNoMfa_ReturnsMfaSetupRequired() in /home/guille/Desktop/Workspace/RediensIAM/tests/RediensIAM.IntegrationTests/Tests/Auth/MfaLoginTests.cs:line 129
--- End of stack trace from previous location ---</StackTrace>
        </ErrorInfo>
      </Output>
    </UnitTestResult>
    <UnitTestResult executionId="b3930a55-982e-488a-bc93-c963a4ee6083" testId="61304d3f-c46a-b10c-d260-4488f0cce330" testName="RediensIAM.IntegrationTests.Tests.ManagedApi.ManagedApiTests.ListOrgs_Unauthenticated_Returns401" computerName="desktop" duration="00:00:00.0024074" startTime="2026-04-05T15:03:42.9332139+02:00" endTime="2026-04-05T15:03:42.9352270+02:00" testType="13cdc9d9-ddb5-4fa4-a97d-d965ccfc6d4b" outcome="Passed" testListId="8c84fa94-04c1-424b-9868-57a2d4851a1d" relativeResultsDirectory="b3930a55-982e-488a-bc93-c963a4ee6083" />
    <UnitTestResult executionId="d55c9a50-dcf7-46dd-a9a6-6819f13be4ae" testId="d6d6f240-a134-20e1-d3c3-fea81da04115" testName="RediensIAM.IntegrationTests.Tests.ManagedApi.ManagedApiTests.ListProjects_OrgAdmin_Returns403" computerName="desktop" duration="00:00:00.0749699" startTime="2026-04-05T15:03:43.4317115+02:00" endTime="2026-04-05T15:03:43.4973920+02:00" testType="13cdc9d9-ddb5-4fa4-a97d-d965ccfc6d4b" outcome="Failed" testListId="8c84fa94-04c1-424b-9868-57a2d4851a1d" relativeResultsDirectory="d55c9a50-dcf7-46dd-a9a6-6819f13be4ae">
      <Output>
        <ErrorInfo>
          <Message>Expected res.StatusCode to be HttpStatusCode.Forbidden {value: 403}, but found HttpStatusCode.NotFound {value: 404}.</Message>
          <StackTrace>   at FluentAssertions.Primitives.EnumAssertions`2.Be(TEnum expected, String because, Object[] becauseArgs)
   at RediensIAM.IntegrationTests.Tests.ManagedApi.ManagedApiTests.ListProjects_OrgAdmin_Returns403() in /home/guille/Desktop/Workspace/RediensIAM/tests/RediensIAM.IntegrationTests/Tests/ManagedApi/ManagedApiTests.cs:line 136
--- End of stack trace from previous location ---</StackTrace>
        </ErrorInfo>
      </Output>
    </UnitTestResult>
    <UnitTestResult executionId="107c0708-3078-4bf9-bc19-df612066f195" testId="d30803ef-0223-987b-88cc-b6c30af55590" testName="RediensIAM.IntegrationTests.Tests.ManagedApi.ManagedApiTests.ListProjects_SuperAdmin_Returns200" computerName="desktop" duration="00:00:00.0557650" startTime="2026-04-05T15:03:43.1711677+02:00" endTime="2026-04-05T15:03:43.2266512+02:00" testType="13cdc9d9-ddb5-4fa4-a97d-d965ccfc6d4b" outcome="Failed" testListId="8c84fa94-04c1-424b-9868-57a2d4851a1d" relativeResultsDirectory="107c0708-3078-4bf9-bc19-df612066f195">
      <Output>
        <ErrorInfo>
          <Message>Expected res.StatusCode to be HttpStatusCode.OK {value: 200}, but found HttpStatusCode.NotFound {value: 404}.</Message>
          <StackTrace>   at FluentAssertions.Primitives.EnumAssertions`2.Be(TEnum expected, String because, Object[] becauseArgs)
   at RediensIAM.IntegrationTests.Tests.ManagedApi.ManagedApiTests.ListProjects_SuperAdmin_Returns200() in /home/guille/Desktop/Workspace/RediensIAM/tests/RediensIAM.IntegrationTests/Tests/ManagedApi/ManagedApiTests.cs:line 122
--- End of stack trace from previous location ---</StackTrace>
        </ErrorInfo>
      </Output>
    </UnitTestResult>
    <UnitTestResult executionId="e6b6f4e2-1b2d-4353-9831-3b138862297f" testId="e53ee169-2b53-b3a7-dffe-567cf18404a9" testName="RediensIAM.IntegrationTests.Tests.ManagedApi.ManagedApiTests.AddUser_OrgAdmin_Returns403" computerName="desktop" duration="00:00:00.0630717" startTime="2026-04-05T15:03:42.9921244+02:00" endTime="2026-04-05T15:03:43.0546335+02:00" testType="13cdc9d9-ddb5-4fa4-a97d-d965ccfc6d4b" outcome="Passed" testListId="8c84fa94-04c1-424b-9868-57a2d4851a1d" relativeResultsDirectory="e6b6f4e2-1b2d-4353-9831-3b138862297f" />
    <UnitTestResult executionId="20f74623-1978-4219-966e-e429d7f60629" testId="32667283-56e4-1941-8516-7ca81b6b6d57" testName="RediensIAM.IntegrationTests.Tests.ManagedApi.ManagedApiTests.CreateOrg_OrgAdmin_Returns403" computerName="desktop" duration="00:00:00.0478257" startTime="2026-04-05T15:03:43.2280485+02:00" endTime="2026-04-05T15:03:43.2750545+02:00" testType="13cdc9d9-ddb5-4fa4-a97d-d965ccfc6d4b" outcome="Failed" testListId="8c84fa94-04c1-424b-9868-57a2d4851a1d" relativeResultsDirectory="20f74623-1978-4219-966e-e429d7f60629">
      <Output>
        <ErrorInfo>
          <Message>Expected res.StatusCode to be HttpStatusCode.Forbidden {value: 403}, but found HttpStatusCode.MethodNotAllowed {value: 405}.</Message>
          <StackTrace>   at FluentAssertions.Primitives.EnumAssertions`2.Be(TEnum expected, String because, Object[] becauseArgs)
   at RediensIAM.IntegrationTests.Tests.ManagedApi.ManagedApiTests.CreateOrg_OrgAdmin_Returns403() in /home/guille/Desktop/Workspace/RediensIAM/tests/RediensIAM.IntegrationTests/Tests/ManagedApi/ManagedApiTests.cs:line 108
--- End of stack trace from previous location ---</StackTrace>
        </ErrorInfo>
      </Output>
    </UnitTestResult>
    <UnitTestResult executionId="d49e9a6a-b6e1-41c6-8e2b-945a25863ab3" testId="6e2a1272-78bf-ee65-cb93-b78d4046f341" testName="RediensIAM.IntegrationTests.Tests.ManagedApi.ManagedApiTests.CreateProject_OrgAdmin_Returns403" computerName="desktop" duration="00:00:00.0584097" startTime="2026-04-05T15:03:43.1118585+02:00" endTime="2026-04-05T15:03:43.1702686+02:00" testType="13cdc9d9-ddb5-4fa4-a97d-d965ccfc6d4b" outcome="Failed" testListId="8c84fa94-04c1-424b-9868-57a2d4851a1d" relativeResultsDirectory="d49e9a6a-b6e1-41c6-8e2b-945a25863ab3">
      <Output>
        <ErrorInfo>
          <Message>Expected res.StatusCode to be HttpStatusCode.Forbidden {value: 403}, but found HttpStatusCode.MethodNotAllowed {value: 405}.</Message>
          <StackTrace>   at FluentAssertions.Primitives.EnumAssertions`2.Be(TEnum expected, String because, Object[] becauseArgs)
   at RediensIAM.IntegrationTests.Tests.ManagedApi.ManagedApiTests.CreateProject_OrgAdmin_Returns403() in /home/guille/Desktop/Workspace/RediensIAM/tests/RediensIAM.IntegrationTests/Tests/ManagedApi/ManagedApiTests.cs:line 171
--- End of stack trace from previous location ---</StackTrace>
        </ErrorInfo>
      </Output>
    </UnitTestResult>
    <UnitTestResult executionId="d0729ccb-1f72-4fcb-b546-6051971b4784" testId="d8bed6ea-b82f-ebaa-9959-16dd11d066ef" testName="RediensIAM.IntegrationTests.Tests.ManagedApi.ManagedApiTests.CreateOrg_SuperAdmin_Returns201WithId" computerName="desktop" duration="00:00:00.0602833" startTime="2026-04-05T15:03:43.2767983+02:00" endTime="2026-04-05T15:03:43.3359505+02:00" testType="13cdc9d9-ddb5-4fa4-a97d-d965ccfc6d4b" outcome="Failed" testListId="8c84fa94-04c1-424b-9868-57a2d4851a1d" relativeResultsDirectory="d0729ccb-1f72-4fcb-b546-6051971b4784">
      <Output>
        <ErrorInfo>
          <Message>Expected res.StatusCode to be HttpStatusCode.Created {value: 201}, but found HttpStatusCode.MethodNotAllowed {value: 405}.</Message>
          <StackTrace>   at FluentAssertions.Primitives.EnumAssertions`2.Be(TEnum expected, String because, Object[] becauseArgs)
   at RediensIAM.IntegrationTests.Tests.ManagedApi.ManagedApiTests.CreateOrg_SuperAdmin_Returns201WithId() in /home/guille/Desktop/Workspace/RediensIAM/tests/RediensIAM.IntegrationTests/Tests/ManagedApi/ManagedApiTests.cs:line 91
--- End of stack trace from previous location ---</StackTrace>
        </ErrorInfo>
      </Output>
    </UnitTestResult>
    <UnitTestResult executionId="c2b8ac84-0c11-40ea-81a3-c4674323cca1" testId="14cd1a2e-3227-7ddf-97ea-d1a34223183e" testName="RediensIAM.IntegrationTests.Tests.ManagedApi.ManagedApiTests.AddUser_SuperAdmin_Returns201WithUserId" computerName="desktop" duration="00:00:00.1691800" startTime="2026-04-05T15:03:43.5548811+02:00" endTime="2026-04-05T15:03:43.7242389+02:00" testType="13cdc9d9-ddb5-4fa4-a97d-d965ccfc6d4b" outcome="Passed" testListId="8c84fa94-04c1-424b-9868-57a2d4851a1d" relativeResultsDirectory="c2b8ac84-0c11-40ea-81a3-c4674323cca1" />
    <UnitTestResult executionId="94132a52-fac6-4778-a731-c450ae14b397" testId="0d8ad527-8c96-7f68-8a8e-a59d2f6a3e71" testName="RediensIAM.IntegrationTests.Tests.ManagedApi.ManagedApiTests.ListOrgs_OrgAdmin_Returns403" computerName="desktop" duration="00:00:00.0481776" startTime="2026-04-05T15:03:43.7670857+02:00" endTime="2026-04-05T15:03:43.8152940+02:00" testType="13cdc9d9-ddb5-4fa4-a97d-d965ccfc6d4b" outcome="Failed" testListId="8c84fa94-04c1-424b-9868-57a2d4851a1d" relativeResultsDirectory="94132a52-fac6-4778-a731-c450ae14b397">
      <Output>
        <ErrorInfo>
          <Message>Expected res.StatusCode to be HttpStatusCode.Forbidden {value: 403}, but found HttpStatusCode.NotFound {value: 404}.</Message>
          <StackTrace>   at FluentAssertions.Primitives.EnumAssertions`2.Be(TEnum expected, String because, Object[] becauseArgs)
   at RediensIAM.IntegrationTests.Tests.ManagedApi.ManagedApiTests.ListOrgs_OrgAdmin_Returns403() in /home/guille/Desktop/Workspace/RediensIAM/tests/RediensIAM.IntegrationTests/Tests/ManagedApi/ManagedApiTests.cs:line 67
--- End of stack trace from previous location ---</StackTrace>
        </ErrorInfo>
      </Output>
    </UnitTestResult>
    <UnitTestResult executionId="4c600b80-dc0f-4c5e-9eef-5ccb9ec1d68c" testId="7b56a634-3121-e540-c716-277109b1bb7f" testName="RediensIAM.IntegrationTests.Tests.ManagedApi.ManagedApiTests.AddUser_SuperAdmin_DuplicateEmail_Returns409" computerName="desktop" duration="00:00:00.3280388" startTime="2026-04-05T15:03:42.6047206+02:00" endTime="2026-04-05T15:03:42.9321933+02:00" testType="13cdc9d9-ddb5-4fa4-a97d-d965ccfc6d4b" outcome="Failed" testListId="8c84fa94-04c1-424b-9868-57a2d4851a1d" relativeResultsDirectory="4c600b80-dc0f-4c5e-9eef-5ccb9ec1d68c">
      <Output>
        <ErrorInfo>
          <Message>Expected res.StatusCode to be HttpStatusCode.Conflict {value: 409}, but found HttpStatusCode.InternalServerError {value: 500}.</Message>
          <StackTrace>   at FluentAssertions.Primitives.EnumAssertions`2.Be(TEnum expected, String because, Object[] becauseArgs)
   at RediensIAM.IntegrationTests.Tests.ManagedApi.ManagedApiTests.AddUser_SuperAdmin_DuplicateEmail_Returns409() in /home/guille/Desktop/Workspace/RediensIAM/tests/RediensIAM.IntegrationTests/Tests/ManagedApi/ManagedApiTests.cs:line 297
--- End of stack trace from previous location ---</StackTrace>
        </ErrorInfo>
      </Output>
    </UnitTestResult>
    <UnitTestResult executionId="95733474-e10b-4896-9413-067293b7d2f9" testId="60d0fb09-8e33-f89d-9b41-ab8e28e2c007" testName="RediensIAM.IntegrationTests.Tests.ManagedApi.ManagedApiTests.CreateUserList_SuperAdmin_Returns201WithId" computerName="desktop" duration="00:00:00.0564537" startTime="2026-04-05T15:03:43.4978235+02:00" endTime="2026-04-05T15:03:43.5545230+02:00" testType="13cdc9d9-ddb5-4fa4-a97d-d965ccfc6d4b" outcome="Failed" testListId="8c84fa94-04c1-424b-9868-57a2d4851a1d" relativeResultsDirectory="95733474-e10b-4896-9413-067293b7d2f9">
      <Output>
        <ErrorInfo>
          <Message>Expected res.StatusCode to be HttpStatusCode.Created {value: 201}, but found HttpStatusCode.MethodNotAllowed {value: 405}.</Message>
          <StackTrace>   at FluentAssertions.Primitives.EnumAssertions`2.Be(TEnum expected, String because, Object[] becauseArgs)
   at RediensIAM.IntegrationTests.Tests.ManagedApi.ManagedApiTests.CreateUserList_SuperAdmin_Returns201WithId() in /home/guille/Desktop/Workspace/RediensIAM/tests/RediensIAM.IntegrationTests/Tests/ManagedApi/ManagedApiTests.cs:line 214
--- End of stack trace from previous location ---</StackTrace>
        </ErrorInfo>
      </Output>
    </UnitTestResult>
    <UnitTestResult executionId="cea0fee0-b782-445d-9bb0-fa0c5c40132a" testId="7a636c1f-4769-3b75-bb0a-5e9397ffe2ae" testName="RediensIAM.IntegrationTests.Tests.ManagedApi.ManagedApiTests.CreateUserList_OrgAdmin_Returns403" computerName="desktop" duration="00:00:00.0854589" startTime="2026-04-05T15:03:43.3364502+02:00" endTime="2026-04-05T15:03:43.4220849+02:00" testType="13cdc9d9-ddb5-4fa4-a97d-d965ccfc6d4b" outcome="Failed" testListId="8c84fa94-04c1-424b-9868-57a2d4851a1d" relativeResultsDirectory="cea0fee0-b782-445d-9bb0-fa0c5c40132a">
      <Output>
        <ErrorInfo>
          <Message>Expected res.StatusCode to be HttpStatusCode.Forbidden {value: 403}, but found HttpStatusCode.MethodNotAllowed {value: 405}.</Message>
          <StackTrace>   at FluentAssertions.Primitives.EnumAssertions`2.Be(TEnum expected, String because, Object[] becauseArgs)
   at RediensIAM.IntegrationTests.Tests.ManagedApi.ManagedApiTests.CreateUserList_OrgAdmin_Returns403() in /home/guille/Desktop/Workspace/RediensIAM/tests/RediensIAM.IntegrationTests/Tests/ManagedApi/ManagedApiTests.cs:line 231
--- End of stack trace from previous location ---</StackTrace>
        </ErrorInfo>
      </Output>
    </UnitTestResult>
    <UnitTestResult executionId="5184d3cd-74b9-4e8a-a08a-2398445c8528" testId="ee6b8c3f-95a4-1bd0-75af-f68eb8eb1224" testName="RediensIAM.IntegrationTests.Tests.ManagedApi.ManagedApiTests.ListOrgs_SuperAdmin_Returns200WithArray" computerName="desktop" duration="00:00:00.0554324" startTime="2026-04-05T15:03:42.9360675+02:00" endTime="2026-04-05T15:03:42.9910054+02:00" testType="13cdc9d9-ddb5-4fa4-a97d-d965ccfc6d4b" outcome="Failed" testListId="8c84fa94-04c1-424b-9868-57a2d4851a1d" relativeResultsDirectory="5184d3cd-74b9-4e8a-a08a-2398445c8528">
      <Output>
        <ErrorInfo>
          <Message>Expected res.StatusCode to be HttpStatusCode.OK {value: 200}, but found HttpStatusCode.NotFound {value: 404}.</Message>
          <StackTrace>   at FluentAssertions.Primitives.EnumAssertions`2.Be(TEnum expected, String because, Object[] becauseArgs)
   at RediensIAM.IntegrationTests.Tests.ManagedApi.ManagedApiTests.ListOrgs_SuperAdmin_Returns200WithArray() in /home/guille/Desktop/Workspace/RediensIAM/tests/RediensIAM.IntegrationTests/Tests/ManagedApi/ManagedApiTests.cs:line 55
--- End of stack trace from previous location ---</StackTrace>
        </ErrorInfo>
      </Output>
    </UnitTestResult>
    <UnitTestResult executionId="5259fc5f-974e-404b-8094-2d89abee53cb" testId="dad02da6-aac2-a153-1ebb-d66899bacd96" testName="RediensIAM.IntegrationTests.Tests.ManagedApi.ManagedApiTests.ListUserLists_SuperAdmin_Returns200" computerName="desktop" duration="00:00:00.1461225" startTime="2026-04-05T15:03:42.4927719+02:00" endTime="2026-04-05T15:03:42.6032267+02:00" testType="13cdc9d9-ddb5-4fa4-a97d-d965ccfc6d4b" outcome="Failed" testListId="8c84fa94-04c1-424b-9868-57a2d4851a1d" relativeResultsDirectory="5259fc5f-974e-404b-8094-2d89abee53cb">
      <Output>
        <ErrorInfo>
          <Message>Expected res.StatusCode to be HttpStatusCode.OK {value: 200}, but found HttpStatusCode.NotFound {value: 404}.</Message>
          <StackTrace>   at FluentAssertions.Primitives.EnumAssertions`2.Be(TEnum expected, String because, Object[] becauseArgs)
   at RediensIAM.IntegrationTests.Tests.ManagedApi.ManagedApiTests.ListUserLists_SuperAdmin_Returns200() in /home/guille/Desktop/Workspace/RediensIAM/tests/RediensIAM.IntegrationTests/Tests/ManagedApi/ManagedApiTests.cs:line 185
--- End of stack trace from previous location ---</StackTrace>
        </ErrorInfo>
      </Output>
    </UnitTestResult>
    <UnitTestResult executionId="e8e8da8b-2a01-445b-a430-0b441e0858e6" testId="e135f3e2-a65e-e538-be8e-1c0002e6ee2e" testName="RediensIAM.IntegrationTests.Tests.ManagedApi.ManagedApiTests.CreateProject_SuperAdmin_Returns201WithId" computerName="desktop" duration="00:00:00.0416258" startTime="2026-04-05T15:03:43.7245463+02:00" endTime="2026-04-05T15:03:43.7664627+02:00" testType="13cdc9d9-ddb5-4fa4-a97d-d965ccfc6d4b" outcome="Failed" testListId="8c84fa94-04c1-424b-9868-57a2d4851a1d" relativeResultsDirectory="e8e8da8b-2a01-445b-a430-0b441e0858e6">
      <Output>
        <ErrorInfo>
          <Message>Expected res.StatusCode to be HttpStatusCode.Created {value: 201}, but found HttpStatusCode.MethodNotAllowed {value: 405}.</Message>
          <StackTrace>   at FluentAssertions.Primitives.EnumAssertions`2.Be(TEnum expected, String because, Object[] becauseArgs)
   at RediensIAM.IntegrationTests.Tests.ManagedApi.ManagedApiTests.CreateProject_SuperAdmin_Returns201WithId() in /home/guille/Desktop/Workspace/RediensIAM/tests/RediensIAM.IntegrationTests/Tests/ManagedApi/ManagedApiTests.cs:line 153
--- End of stack trace from previous location ---</StackTrace>
        </ErrorInfo>
      </Output>
    </UnitTestResult>
    <UnitTestResult executionId="cd76a03d-b39e-42ee-ab0e-c727159baddc" testId="bd1700ae-1a45-72e8-a8a3-87b844fc4304" testName="RediensIAM.IntegrationTests.Tests.ManagedApi.ManagedApiTests.ListUserLists_OrgAdmin_Returns403" computerName="desktop" duration="00:00:00.0560024" startTime="2026-04-05T15:03:43.0548325+02:00" endTime="2026-04-05T15:03:43.1112979+02:00" testType="13cdc9d9-ddb5-4fa4-a97d-d965ccfc6d4b" outcome="Failed" testListId="8c84fa94-04c1-424b-9868-57a2d4851a1d" relativeResultsDirectory="cd76a03d-b39e-42ee-ab0e-c727159baddc">
      <Output>
        <ErrorInfo>
          <Message>Expected res.StatusCode to be HttpStatusCode.Forbidden {value: 403}, but found HttpStatusCode.NotFound {value: 404}.</Message>
          <StackTrace>   at FluentAssertions.Primitives.EnumAssertions`2.Be(TEnum expected, String because, Object[] becauseArgs)
   at RediensIAM.IntegrationTests.Tests.ManagedApi.ManagedApiTests.ListUserLists_OrgAdmin_Returns403() in /home/guille/Desktop/Workspace/RediensIAM/tests/RediensIAM.IntegrationTests/Tests/ManagedApi/ManagedApiTests.cs:line 198
--- End of stack trace from previous location ---</StackTrace>
        </ErrorInfo>
      </Output>
    </UnitTestResult>
  </Results>
  <TestDefinitions>
    <UnitTest name="RediensIAM.IntegrationTests.Tests.ManagedApi.ManagedApiTests.CreateProject_SuperAdmin_Returns201WithId" storage="/home/guille/desktop/workspace/rediensiam/tests/rediensiam.integrationtests/bin/debug/net10.0/rediensiam.integrationtests.dll" id="e135f3e2-a65e-e538-be8e-1c0002e6ee2e">
      <Execution id="e8e8da8b-2a01-445b-a430-0b441e0858e6" />
      <TestMethod codeBase="/home/guille/Desktop/Workspace/RediensIAM/tests/RediensIAM.IntegrationTests/bin/Debug/net10.0/RediensIAM.IntegrationTests.dll" adapterTypeName="executor://xunit/VsTestRunner3/netcore/" className="RediensIAM.IntegrationTests.Tests.ManagedApi.ManagedApiTests" name="CreateProject_SuperAdmin_Returns201WithId" />
    </UnitTest>
    <UnitTest name="RediensIAM.IntegrationTests.Tests.ManagedApi.ManagedApiTests.ListOrgs_Unauthenticated_Returns401" storage="/home/guille/desktop/workspace/rediensiam/tests/rediensiam.integrationtests/bin/debug/net10.0/rediensiam.integrationtests.dll" id="61304d3f-c46a-b10c-d260-4488f0cce330">
      <Execution id="b3930a55-982e-488a-bc93-c963a4ee6083" />
      <TestMethod codeBase="/home/guille/Desktop/Workspace/RediensIAM/tests/RediensIAM.IntegrationTests/bin/Debug/net10.0/RediensIAM.IntegrationTests.dll" adapterTypeName="executor://xunit/VsTestRunner3/netcore/" className="RediensIAM.IntegrationTests.Tests.ManagedApi.ManagedApiTests" name="ListOrgs_Unauthenticated_Returns401" />
    </UnitTest>
    <UnitTest name="RediensIAM.IntegrationTests.Tests.ManagedApi.ManagedApiTests.CreateUserList_OrgAdmin_Returns403" storage="/home/guille/desktop/workspace/rediensiam/tests/rediensiam.integrationtests/bin/debug/net10.0/rediensiam.integrationtests.dll" id="7a636c1f-4769-3b75-bb0a-5e9397ffe2ae">
      <Execution id="cea0fee0-b782-445d-9bb0-fa0c5c40132a" />
      <TestMethod codeBase="/home/guille/Desktop/Workspace/RediensIAM/tests/RediensIAM.IntegrationTests/bin/Debug/net10.0/RediensIAM.IntegrationTests.dll" adapterTypeName="executor://xunit/VsTestRunner3/netcore/" className="RediensIAM.IntegrationTests.Tests.ManagedApi.ManagedApiTests" name="CreateUserList_OrgAdmin_Returns403" />
    </UnitTest>
    <UnitTest name="RediensIAM.IntegrationTests.Tests.ManagedApi.ManagedApiTests.CreateOrg_SuperAdmin_Returns201WithId" storage="/home/guille/desktop/workspace/rediensiam/tests/rediensiam.integrationtests/bin/debug/net10.0/rediensiam.integrationtests.dll" id="d8bed6ea-b82f-ebaa-9959-16dd11d066ef">
      <Execution id="d0729ccb-1f72-4fcb-b546-6051971b4784" />
      <TestMethod codeBase="/home/guille/Desktop/Workspace/RediensIAM/tests/RediensIAM.IntegrationTests/bin/Debug/net10.0/RediensIAM.IntegrationTests.dll" adapterTypeName="executor://xunit/VsTestRunner3/netcore/" className="RediensIAM.IntegrationTests.Tests.ManagedApi.ManagedApiTests" name="CreateOrg_SuperAdmin_Returns201WithId" />
    </UnitTest>
    <UnitTest name="RediensIAM.IntegrationTests.Tests.ManagedApi.ManagedApiTests.AddUser_OrgAdmin_Returns403" storage="/home/guille/desktop/workspace/rediensiam/tests/rediensiam.integrationtests/bin/debug/net10.0/rediensiam.integrationtests.dll" id="e53ee169-2b53-b3a7-dffe-567cf18404a9">
      <Execution id="e6b6f4e2-1b2d-4353-9831-3b138862297f" />
      <TestMethod codeBase="/home/guille/Desktop/Workspace/RediensIAM/tests/RediensIAM.IntegrationTests/bin/Debug/net10.0/RediensIAM.IntegrationTests.dll" adapterTypeName="executor://xunit/VsTestRunner3/netcore/" className="RediensIAM.IntegrationTests.Tests.ManagedApi.ManagedApiTests" name="AddUser_OrgAdmin_Returns403" />
    </UnitTest>
    <UnitTest name="RediensIAM.IntegrationTests.Tests.ManagedApi.ManagedApiTests.AddUser_SuperAdmin_Returns201WithUserId" storage="/home/guille/desktop/workspace/rediensiam/tests/rediensiam.integrationtests/bin/debug/net10.0/rediensiam.integrationtests.dll" id="14cd1a2e-3227-7ddf-97ea-d1a34223183e">
      <Execution id="c2b8ac84-0c11-40ea-81a3-c4674323cca1" />
      <TestMethod codeBase="/home/guille/Desktop/Workspace/RediensIAM/tests/RediensIAM.IntegrationTests/bin/Debug/net10.0/RediensIAM.IntegrationTests.dll" adapterTypeName="executor://xunit/VsTestRunner3/netcore/" className="RediensIAM.IntegrationTests.Tests.ManagedApi.ManagedApiTests" name="AddUser_SuperAdmin_Returns201WithUserId" />
    </UnitTest>
    <UnitTest name="RediensIAM.IntegrationTests.Tests.ManagedApi.ManagedApiTests.ListProjects_OrgAdmin_Returns403" storage="/home/guille/desktop/workspace/rediensiam/tests/rediensiam.integrationtests/bin/debug/net10.0/rediensiam.integrationtests.dll" id="d6d6f240-a134-20e1-d3c3-fea81da04115">
      <Execution id="d55c9a50-dcf7-46dd-a9a6-6819f13be4ae" />
      <TestMethod codeBase="/home/guille/Desktop/Workspace/RediensIAM/tests/RediensIAM.IntegrationTests/bin/Debug/net10.0/RediensIAM.IntegrationTests.dll" adapterTypeName="executor://xunit/VsTestRunner3/netcore/" className="RediensIAM.IntegrationTests.Tests.ManagedApi.ManagedApiTests" name="ListProjects_OrgAdmin_Returns403" />
    </UnitTest>
    <UnitTest name="RediensIAM.IntegrationTests.Tests.ManagedApi.ManagedApiTests.ListOrgs_OrgAdmin_Returns403" storage="/home/guille/desktop/workspace/rediensiam/tests/rediensiam.integrationtests/bin/debug/net10.0/rediensiam.integrationtests.dll" id="0d8ad527-8c96-7f68-8a8e-a59d2f6a3e71">
      <Execution id="94132a52-fac6-4778-a731-c450ae14b397" />
      <TestMethod codeBase="/home/guille/Desktop/Workspace/RediensIAM/tests/RediensIAM.IntegrationTests/bin/Debug/net10.0/RediensIAM.IntegrationTests.dll" adapterTypeName="executor://xunit/VsTestRunner3/netcore/" className="RediensIAM.IntegrationTests.Tests.ManagedApi.ManagedApiTests" name="ListOrgs_OrgAdmin_Returns403" />
    </UnitTest>
    <UnitTest name="RediensIAM.IntegrationTests.Tests.ManagedApi.ManagedApiTests.CreateUserList_SuperAdmin_Returns201WithId" storage="/home/guille/desktop/workspace/rediensiam/tests/rediensiam.integrationtests/bin/debug/net10.0/rediensiam.integrationtests.dll" id="60d0fb09-8e33-f89d-9b41-ab8e28e2c007">
      <Execution id="95733474-e10b-4896-9413-067293b7d2f9" />
      <TestMethod codeBase="/home/guille/Desktop/Workspace/RediensIAM/tests/RediensIAM.IntegrationTests/bin/Debug/net10.0/RediensIAM.IntegrationTests.dll" adapterTypeName="executor://xunit/VsTestRunner3/netcore/" className="RediensIAM.IntegrationTests.Tests.ManagedApi.ManagedApiTests" name="CreateUserList_SuperAdmin_Returns201WithId" />
    </UnitTest>
    <UnitTest name="RediensIAM.IntegrationTests.Tests.ManagedApi.ManagedApiTests.CreateProject_OrgAdmin_Returns403" storage="/home/guille/desktop/workspace/rediensiam/tests/rediensiam.integrationtests/bin/debug/net10.0/rediensiam.integrationtests.dll" id="6e2a1272-78bf-ee65-cb93-b78d4046f341">
      <Execution id="d49e9a6a-b6e1-41c6-8e2b-945a25863ab3" />
      <TestMethod codeBase="/home/guille/Desktop/Workspace/RediensIAM/tests/RediensIAM.IntegrationTests/bin/Debug/net10.0/RediensIAM.IntegrationTests.dll" adapterTypeName="executor://xunit/VsTestRunner3/netcore/" className="RediensIAM.IntegrationTests.Tests.ManagedApi.ManagedApiTests" name="CreateProject_OrgAdmin_Returns403" />
    </UnitTest>
    <UnitTest name="RediensIAM.IntegrationTests.Tests.Auth.MfaLoginTests.Login_ProjectRequiresMfa_UserHasNoMfa_ReturnsMfaSetupRequired" storage="/home/guille/desktop/workspace/rediensiam/tests/rediensiam.integrationtests/bin/debug/net10.0/rediensiam.integrationtests.dll" id="de0ae4e6-6a79-bb97-c851-30583a8e308d">
      <Execution id="ee09ec6e-1931-4762-9c13-fd5c46686d5b" />
      <TestMethod codeBase="/home/guille/Desktop/Workspace/RediensIAM/tests/RediensIAM.IntegrationTests/bin/Debug/net10.0/RediensIAM.IntegrationTests.dll" adapterTypeName="executor://xunit/VsTestRunner3/netcore/" className="RediensIAM.IntegrationTests.Tests.Auth.MfaLoginTests" name="Login_ProjectRequiresMfa_UserHasNoMfa_ReturnsMfaSetupRequired" />
    </UnitTest>
    <UnitTest name="RediensIAM.IntegrationTests.Tests.ManagedApi.ManagedApiTests.AddUser_SuperAdmin_DuplicateEmail_Returns409" storage="/home/guille/desktop/workspace/rediensiam/tests/rediensiam.integrationtests/bin/debug/net10.0/rediensiam.integrationtests.dll" id="7b56a634-3121-e540-c716-277109b1bb7f">
      <Execution id="4c600b80-dc0f-4c5e-9eef-5ccb9ec1d68c" />
      <TestMethod codeBase="/home/guille/Desktop/Workspace/RediensIAM/tests/RediensIAM.IntegrationTests/bin/Debug/net10.0/RediensIAM.IntegrationTests.dll" adapterTypeName="executor://xunit/VsTestRunner3/netcore/" className="RediensIAM.IntegrationTests.Tests.ManagedApi.ManagedApiTests" name="AddUser_SuperAdmin_DuplicateEmail_Returns409" />
    </UnitTest>
    <UnitTest name="RediensIAM.IntegrationTests.Tests.ManagedApi.ManagedApiTests.ListUserLists_SuperAdmin_Returns200" storage="/home/guille/desktop/workspace/rediensiam/tests/rediensiam.integrationtests/bin/debug/net10.0/rediensiam.integrationtests.dll" id="dad02da6-aac2-a153-1ebb-d66899bacd96">
      <Execution id="5259fc5f-974e-404b-8094-2d89abee53cb" />
      <TestMethod codeBase="/home/guille/Desktop/Workspace/RediensIAM/tests/RediensIAM.IntegrationTests/bin/Debug/net10.0/RediensIAM.IntegrationTests.dll" adapterTypeName="executor://xunit/VsTestRunner3/netcore/" className="RediensIAM.IntegrationTests.Tests.ManagedApi.ManagedApiTests" name="ListUserLists_SuperAdmin_Returns200" />
    </UnitTest>
    <UnitTest name="RediensIAM.IntegrationTests.Tests.ManagedApi.ManagedApiTests.CreateOrg_OrgAdmin_Returns403" storage="/home/guille/desktop/workspace/rediensiam/tests/rediensiam.integrationtests/bin/debug/net10.0/rediensiam.integrationtests.dll" id="32667283-56e4-1941-8516-7ca81b6b6d57">
      <Execution id="20f74623-1978-4219-966e-e429d7f60629" />
      <TestMethod codeBase="/home/guille/Desktop/Workspace/RediensIAM/tests/RediensIAM.IntegrationTests/bin/Debug/net10.0/RediensIAM.IntegrationTests.dll" adapterTypeName="executor://xunit/VsTestRunner3/netcore/" className="RediensIAM.IntegrationTests.Tests.ManagedApi.ManagedApiTests" name="CreateOrg_OrgAdmin_Returns403" />
    </UnitTest>
    <UnitTest name="RediensIAM.IntegrationTests.Tests.ManagedApi.ManagedApiTests.ListProjects_SuperAdmin_Returns200" storage="/home/guille/desktop/workspace/rediensiam/tests/rediensiam.integrationtests/bin/debug/net10.0/rediensiam.integrationtests.dll" id="d30803ef-0223-987b-88cc-b6c30af55590">
      <Execution id="107c0708-3078-4bf9-bc19-df612066f195" />
      <TestMethod codeBase="/home/guille/Desktop/Workspace/RediensIAM/tests/RediensIAM.IntegrationTests/bin/Debug/net10.0/RediensIAM.IntegrationTests.dll" adapterTypeName="executor://xunit/VsTestRunner3/netcore/" className="RediensIAM.IntegrationTests.Tests.ManagedApi.ManagedApiTests" name="ListProjects_SuperAdmin_Returns200" />
    </UnitTest>
    <UnitTest name="RediensIAM.IntegrationTests.Tests.ManagedApi.ManagedApiTests.ListOrgs_SuperAdmin_Returns200WithArray" storage="/home/guille/desktop/workspace/rediensiam/tests/rediensiam.integrationtests/bin/debug/net10.0/rediensiam.integrationtests.dll" id="ee6b8c3f-95a4-1bd0-75af-f68eb8eb1224">
      <Execution id="5184d3cd-74b9-4e8a-a08a-2398445c8528" />
      <TestMethod codeBase="/home/guille/Desktop/Workspace/RediensIAM/tests/RediensIAM.IntegrationTests/bin/Debug/net10.0/RediensIAM.IntegrationTests.dll" adapterTypeName="executor://xunit/VsTestRunner3/netcore/" className="RediensIAM.IntegrationTests.Tests.ManagedApi.ManagedApiTests" name="ListOrgs_SuperAdmin_Returns200WithArray" />
    </UnitTest>
    <UnitTest name="RediensIAM.IntegrationTests.Tests.ManagedApi.ManagedApiTests.ListUserLists_OrgAdmin_Returns403" storage="/home/guille/desktop/workspace/rediensiam/tests/rediensiam.integrationtests/bin/debug/net10.0/rediensiam.integrationtests.dll" id="bd1700ae-1a45-72e8-a8a3-87b844fc4304">
      <Execution id="cd76a03d-b39e-42ee-ab0e-c727159baddc" />
      <TestMethod codeBase="/home/guille/Desktop/Workspace/RediensIAM/tests/RediensIAM.IntegrationTests/bin/Debug/net10.0/RediensIAM.IntegrationTests.dll" adapterTypeName="executor://xunit/VsTestRunner3/netcore/" className="RediensIAM.IntegrationTests.Tests.ManagedApi.ManagedApiTests" name="ListUserLists_OrgAdmin_Returns403" />
    </UnitTest>
  </TestDefinitions>
  <TestEntries>
    <TestEntry testId="de0ae4e6-6a79-bb97-c851-30583a8e308d" executionId="ee09ec6e-1931-4762-9c13-fd5c46686d5b" testListId="8c84fa94-04c1-424b-9868-57a2d4851a1d" />
    <TestEntry testId="61304d3f-c46a-b10c-d260-4488f0cce330" executionId="b3930a55-982e-488a-bc93-c963a4ee6083" testListId="8c84fa94-04c1-424b-9868-57a2d4851a1d" />
    <TestEntry testId="d6d6f240-a134-20e1-d3c3-fea81da04115" executionId="d55c9a50-dcf7-46dd-a9a6-6819f13be4ae" testListId="8c84fa94-04c1-424b-9868-57a2d4851a1d" />
    <TestEntry testId="d30803ef-0223-987b-88cc-b6c30af55590" executionId="107c0708-3078-4bf9-bc19-df612066f195" testListId="8c84fa94-04c1-424b-9868-57a2d4851a1d" />
    <TestEntry testId="e53ee169-2b53-b3a7-dffe-567cf18404a9" executionId="e6b6f4e2-1b2d-4353-9831-3b138862297f" testListId="8c84fa94-04c1-424b-9868-57a2d4851a1d" />
    <TestEntry testId="32667283-56e4-1941-8516-7ca81b6b6d57" executionId="20f74623-1978-4219-966e-e429d7f60629" testListId="8c84fa94-04c1-424b-9868-57a2d4851a1d" />
    <TestEntry testId="6e2a1272-78bf-ee65-cb93-b78d4046f341" executionId="d49e9a6a-b6e1-41c6-8e2b-945a25863ab3" testListId="8c84fa94-04c1-424b-9868-57a2d4851a1d" />
    <TestEntry testId="d8bed6ea-b82f-ebaa-9959-16dd11d066ef" executionId="d0729ccb-1f72-4fcb-b546-6051971b4784" testListId="8c84fa94-04c1-424b-9868-57a2d4851a1d" />
    <TestEntry testId="14cd1a2e-3227-7ddf-97ea-d1a34223183e" executionId="c2b8ac84-0c11-40ea-81a3-c4674323cca1" testListId="8c84fa94-04c1-424b-9868-57a2d4851a1d" />
    <TestEntry testId="0d8ad527-8c96-7f68-8a8e-a59d2f6a3e71" executionId="94132a52-fac6-4778-a731-c450ae14b397" testListId="8c84fa94-04c1-424b-9868-57a2d4851a1d" />
    <TestEntry testId="7b56a634-3121-e540-c716-277109b1bb7f" executionId="4c600b80-dc0f-4c5e-9eef-5ccb9ec1d68c" testListId="8c84fa94-04c1-424b-9868-57a2d4851a1d" />
    <TestEntry testId="60d0fb09-8e33-f89d-9b41-ab8e28e2c007" executionId="95733474-e10b-4896-9413-067293b7d2f9" testListId="8c84fa94-04c1-424b-9868-57a2d4851a1d" />
    <TestEntry testId="7a636c1f-4769-3b75-bb0a-5e9397ffe2ae" executionId="cea0fee0-b782-445d-9bb0-fa0c5c40132a" testListId="8c84fa94-04c1-424b-9868-57a2d4851a1d" />
    <TestEntry testId="ee6b8c3f-95a4-1bd0-75af-f68eb8eb1224" executionId="5184d3cd-74b9-4e8a-a08a-2398445c8528" testListId="8c84fa94-04c1-424b-9868-57a2d4851a1d" />
    <TestEntry testId="dad02da6-aac2-a153-1ebb-d66899bacd96" executionId="5259fc5f-974e-404b-8094-2d89abee53cb" testListId="8c84fa94-04c1-424b-9868-57a2d4851a1d" />
    <TestEntry testId="e135f3e2-a65e-e538-be8e-1c0002e6ee2e" executionId="e8e8da8b-2a01-445b-a430-0b441e0858e6" testListId="8c84fa94-04c1-424b-9868-57a2d4851a1d" />
    <TestEntry testId="bd1700ae-1a45-72e8-a8a3-87b844fc4304" executionId="cd76a03d-b39e-42ee-ab0e-c727159baddc" testListId="8c84fa94-04c1-424b-9868-57a2d4851a1d" />
  </TestEntries>
  <TestLists>
    <TestList name="Results Not in a List" id="8c84fa94-04c1-424b-9868-57a2d4851a1d" />
    <TestList name="All Loaded Results" id="19431567-8539-422a-85d7-44ee4e166bda" />
  </TestLists>
  <ResultSummary outcome="Failed">
    <Counters total="17" executed="17" passed="3" failed="14" error="0" timeout="0" aborted="0" inconclusive="0" passedButRunAborted="0" notRunnable="0" notExecuted="0" disconnected="0" warning="0" completed="0" inProgress="0" pending="0" />
    <Output>
      <StdOut>[xUnit.net 00:00:00.00] xUnit.net VSTest Adapter v3.1.5+1b188a7b0a (64-bit .NET 10.0.5)
[xUnit.net 00:00:00.12]   Discovering: RediensIAM.IntegrationTests
[xUnit.net 00:00:00.18]   Discovered:  RediensIAM.IntegrationTests
[xUnit.net 00:00:00.20]   Starting:    RediensIAM.IntegrationTests
[testcontainers.org 00:00:00.23] Connected to Docker:
  Host: unix:///var/run/docker.sock
  Server Version: 29.3.1
  Kernel Version: 6.17.0-20-generic
  API Version: 1.54
  Operating System: Zorin OS 18.1
  Total Memory: 31.29 GB
[testcontainers.org 00:00:00.34] Docker container 02967e5a3c65 created
[testcontainers.org 00:00:00.38] Start Docker container 02967e5a3c65
[testcontainers.org 00:00:00.52] Wait for Docker container 02967e5a3c65 to complete readiness checks
[testcontainers.org 00:00:01.54] Docker container 02967e5a3c65 ready
[testcontainers.org 00:00:01.61] Docker container a12e6de05c4d created
[testcontainers.org 00:00:01.61] Docker container f94f75da9059 created
[testcontainers.org 00:00:01.61] Start Docker container f94f75da9059
[testcontainers.org 00:00:01.61] Start Docker container a12e6de05c4d
[testcontainers.org 00:00:01.75] Wait for Docker container a12e6de05c4d to complete readiness checks
[testcontainers.org 00:00:01.76] Execute "redis-cli ping" at Docker container a12e6de05c4d
[testcontainers.org 00:00:01.78] Wait for Docker container f94f75da9059 to complete readiness checks
[testcontainers.org 00:00:01.78] Execute "pg_isready --host localhost --dbname rediensiam_test --username test" at Docker container f94f75da9059
[testcontainers.org 00:00:01.81] Docker container a12e6de05c4d ready
[testcontainers.org 00:00:02.83] Execute "pg_isready --host localhost --dbname rediensiam_test --username test" at Docker container f94f75da9059
[testcontainers.org 00:00:02.89] Docker container f94f75da9059 ready
warn: Microsoft.EntityFrameworkCore.Model.Validation[10620]
      The property 'AuditLog.Metadata' is a collection or enumeration type with a value converter but with no value comparer. Set a value comparer to ensure the collection/enumeration elements are compared correctly.
warn: Microsoft.EntityFrameworkCore.Model.Validation[10620]
      The property 'Organisation.Metadata' is a collection or enumeration type with a value converter but with no value comparer. Set a value comparer to ensure the collection/enumeration elements are compared correctly.
warn: Microsoft.EntityFrameworkCore.Model.Validation[10620]
      The property 'Project.LoginTheme' is a collection or enumeration type with a value converter but with no value comparer. Set a value comparer to ensure the collection/enumeration elements are compared correctly.
warn: Microsoft.EntityFrameworkCore.Model.Validation[10620]
      The property 'User.Metadata' is a collection or enumeration type with a value converter but with no value comparer. Set a value comparer to ensure the collection/enumeration elements are compared correctly.
warn: Program[0]
      DB not ready (attempt 1/12), retrying in 5s: Input string was not in a correct format. Failure to parse near offset 1279. Expected an ASCII digit.
warn: Program[0]
      DB not ready (attempt 2/12), retrying in 5s: Input string was not in a correct format. Failure to parse near offset 1279. Expected an ASCII digit.
warn: Program[0]
      DB not ready (attempt 3/12), retrying in 5s: Input string was not in a correct format. Failure to parse near offset 1279. Expected an ASCII digit.
warn: Program[0]
      DB not ready (attempt 4/12), retrying in 5s: Input string was not in a correct format. Failure to parse near offset 1279. Expected an ASCII digit.
warn: Program[0]
      DB not ready (attempt 5/12), retrying in 5s: Input string was not in a correct format. Failure to parse near offset 1279. Expected an ASCII digit.
warn: Program[0]
      DB not ready (attempt 6/12), retrying in 5s: Input string was not in a correct format. Failure to parse near offset 1279. Expected an ASCII digit.
warn: Program[0]
      DB not ready (attempt 7/12), retrying in 5s: Input string was not in a correct format. Failure to parse near offset 1279. Expected an ASCII digit.
warn: Program[0]
      DB not ready (attempt 8/12), retrying in 5s: Input string was not in a correct format. Failure to parse near offset 1279. Expected an ASCII digit.
warn: Program[0]
      DB not ready (attempt 9/12), retrying in 5s: Input string was not in a correct format. Failure to parse near offset 1279. Expected an ASCII digit.
warn: Program[0]
      DB not ready (attempt 10/12), retrying in 5s: Input string was not in a correct format. Failure to parse near offset 1279. Expected an ASCII digit.
warn: Program[0]
      DB not ready (attempt 11/12), retrying in 5s: Input string was not in a correct format. Failure to parse near offset 1279. Expected an ASCII digit.
fail: Program[0]
      DB schema creation failed
      System.FormatException: Input string was not in a correct format. Failure to parse near offset 1279. Expected an ASCII digit.
         at System.String.FormatHelper(IFormatProvider provider, String format, ReadOnlySpan`1 args)
         at Microsoft.EntityFrameworkCore.Storage.Internal.RawSqlCommandBuilder.Build(String sql, IEnumerable`1 parameters, IModel model)
         at Microsoft.EntityFrameworkCore.RelationalDatabaseFacadeExtensions.ExecuteSqlRawAsync(DatabaseFacade databaseFacade, String sql, IEnumerable`1 parameters, CancellationToken cancellationToken)
         at Program.&lt;Main&gt;$(String[] args) in /home/guille/Desktop/Workspace/RediensIAM/src/Program.cs:line 157
warn: Microsoft.AspNetCore.StaticFiles.StaticFileMiddleware[16]
      The WebRootPath was not found: /home/guille/Desktop/Workspace/RediensIAM/src/wwwroot. Static files may be unavailable.
warn: Microsoft.AspNetCore.StaticFiles.StaticFileMiddleware[16]
      The WebRootPath was not found: /home/guille/Desktop/Workspace/RediensIAM/src/wwwroot. Static files may be unavailable.
info: Microsoft.Hosting.Lifetime[0]
      Application started. Press Ctrl+C to shut down.
info: Microsoft.Hosting.Lifetime[0]
      Hosting environment: Testing
info: Microsoft.Hosting.Lifetime[0]
      Content root path: /home/guille/Desktop/Workspace/RediensIAM/src
info: System.Net.Http.HttpClient.hydra-admin.LogicalHandler[100]
      Start processing HTTP request GET http://localhost:42847/admin/oauth2/auth/requests/login?*
info: System.Net.Http.HttpClient.hydra-admin.ClientHandler[100]
      Sending HTTP request GET http://localhost:42847/admin/oauth2/auth/requests/login?*
info: System.Net.Http.HttpClient.hydra-admin.ClientHandler[101]
      Received HTTP response headers after 548.7367ms - 200
info: System.Net.Http.HttpClient.hydra-admin.LogicalHandler[101]
      End processing HTTP request after 560.798ms - 200
     Warning:
     The component "Fluent Assertions" is governed by the rules defined in the Xceed License Agreement and
     the Xceed Fluent Assertions Community License. You may use Fluent Assertions free of charge for
     non-commercial use only. An active subscription is required to use Fluent Assertions for commercial use.
     Please contact Xceed Sales mailto:sales@xceed.com to acquire a subscription at a very low cost.
     A paid commercial license supports the development and continued increasing support of
     Fluent Assertions users under both commercial and community licenses. Help us
     keep Fluent Assertions at the forefront of unit testing.
     For more information, visit https://xceed.com/products/unit-testing/fluent-assertions/
[xUnit.net 00:01:01.49]       System.Collections.Generic.KeyNotFoundException : The given key was not present in the dictionary.
[xUnit.net 00:01:01.49]       Stack Trace:
[xUnit.net 00:01:01.50]            at System.Text.Json.JsonElement.GetProperty(String propertyName)
[xUnit.net 00:01:01.50]         /home/guille/Desktop/Workspace/RediensIAM/tests/RediensIAM.IntegrationTests/Tests/Auth/MfaLoginTests.cs(129,0): at RediensIAM.IntegrationTests.Tests.Auth.MfaLoginTests.Login_ProjectRequiresMfa_UserHasNoMfa_ReturnsMfaSetupRequired()
[xUnit.net 00:01:01.50]         --- End of stack trace from previous location ---
info: System.Net.Http.HttpClient.hydra-admin.LogicalHandler[100]
      Start processing HTTP request POST http://localhost:42847/admin/oauth2/introspect
info: System.Net.Http.HttpClient.hydra-admin.ClientHandler[100]
      Sending HTTP request POST http://localhost:42847/admin/oauth2/introspect
info: System.Net.Http.HttpClient.hydra-admin.ClientHandler[101]
      Received HTTP response headers after 14.8179ms - 200
info: System.Net.Http.HttpClient.hydra-admin.LogicalHandler[101]
      End processing HTTP request after 14.9244ms - 200
[xUnit.net 00:01:01.64]       Expected res.StatusCode to be HttpStatusCode.OK {value: 200}, but found HttpStatusCode.NotFound {value: 404}.
[xUnit.net 00:01:01.64]       Stack Trace:
[xUnit.net 00:01:01.64]            at FluentAssertions.Primitives.EnumAssertions`2.Be(TEnum expected, String because, Object[] becauseArgs)
[xUnit.net 00:01:01.64]         /home/guille/Desktop/Workspace/RediensIAM/tests/RediensIAM.IntegrationTests/Tests/ManagedApi/ManagedApiTests.cs(185,0): at RediensIAM.IntegrationTests.Tests.ManagedApi.ManagedApiTests.ListUserLists_SuperAdmin_Returns200()
[xUnit.net 00:01:01.64]         --- End of stack trace from previous location ---
info: System.Net.Http.HttpClient.hydra-admin.LogicalHandler[100]
      Start processing HTTP request POST http://localhost:42847/admin/oauth2/introspect
info: System.Net.Http.HttpClient.hydra-admin.ClientHandler[100]
      Sending HTTP request POST http://localhost:42847/admin/oauth2/introspect
info: System.Net.Http.HttpClient.hydra-admin.ClientHandler[101]
      Received HTTP response headers after 4.39ms - 200
info: System.Net.Http.HttpClient.hydra-admin.LogicalHandler[101]
      End processing HTTP request after 4.4583ms - 200
info: System.Net.Http.HttpClient.keto-write.LogicalHandler[100]
      Start processing HTTP request PATCH http://localhost:36757/admin/relation-tuples
info: System.Net.Http.HttpClient.keto-write.ClientHandler[100]
      Sending HTTP request PATCH http://localhost:36757/admin/relation-tuples
info: System.Net.Http.HttpClient.keto-write.ClientHandler[101]
      Received HTTP response headers after 36.4688ms - 200
info: System.Net.Http.HttpClient.keto-write.LogicalHandler[101]
      End processing HTTP request after 36.5629ms - 200
info: System.Net.Http.HttpClient.hydra-admin.LogicalHandler[100]
      Start processing HTTP request POST http://localhost:42847/admin/oauth2/introspect
info: System.Net.Http.HttpClient.hydra-admin.ClientHandler[100]
      Sending HTTP request POST http://localhost:42847/admin/oauth2/introspect
info: System.Net.Http.HttpClient.hydra-admin.ClientHandler[101]
      Received HTTP response headers after 0.9913ms - 200
info: System.Net.Http.HttpClient.hydra-admin.LogicalHandler[101]
      End processing HTTP request after 1.0673ms - 200
fail: Microsoft.EntityFrameworkCore.Database.Command[20102]
      Failed executing DbCommand (4ms) [Parameters=[@p0='?' (DbType = DateTime), @p1='?' (DbType = DateTime), @p2='?', @p3='?', @p4='?', @p5='?' (DbType = Boolean), @p6='?' (DbType = DateTime), @p7='?' (DbType = DateTime), @p8='?' (DbType = DateTime), @p9='?' (DbType = Object), @p10='?', @p11='?', @p12='?' (DbType = Boolean), @p13='?' (DbType = Boolean), @p14='?', @p15='?' (DbType = DateTime), @p16='?' (DbType = Guid), @p17='?', @p18='?' (DbType = Boolean)], CommandType='Text', CommandTimeout='30']
      INSERT INTO users ("CreatedAt", "DisabledAt", "Discriminator", "DisplayName", "Email", "EmailVerified", "EmailVerifiedAt", "LastLoginAt", "LockedUntil", "Metadata", "PasswordHash", "Phone", "PhoneVerified", "TotpEnabled", "TotpSecret", "UpdatedAt", "UserListId", "Username", "WebAuthnEnabled")
      VALUES (@p0, @p1, @p2, @p3, @p4, @p5, @p6, @p7, @p8, @p9, @p10, @p11, @p12, @p13, @p14, @p15, @p16, @p17, @p18)
      RETURNING "Id", "Active", "FailedLoginCount", "NewDeviceAlertsEnabled";
fail: Microsoft.EntityFrameworkCore.Update[10000]
      An exception occurred in the database while saving changes for context type 'RediensIAM.Data.RediensIamDbContext'.
      Microsoft.EntityFrameworkCore.DbUpdateException: An error occurred while saving the entity changes. See the inner exception for details.
       ---&gt; Npgsql.PostgresException (0x80004005): 23505: duplicate key value violates unique constraint "IX_users_UserListId_Email"
      DETAIL: Detail redacted as it may contain sensitive data. Specify 'Include Error Detail' in the connection string to include this information.
         at Npgsql.Internal.NpgsqlConnector.ReadMessageLong(Boolean async, DataRowLoadingMode dataRowLoadingMode, Boolean readingNotifications, Boolean isReadingPrependedMessage)
         at System.Runtime.CompilerServices.PoolingAsyncValueTaskMethodBuilder`1.StateMachineBox`1.System.Threading.Tasks.Sources.IValueTaskSource&lt;TResult&gt;.GetResult(Int16 token)
         at Npgsql.NpgsqlDataReader.NextResult(Boolean async, Boolean isConsuming, CancellationToken cancellationToken)
         at Npgsql.NpgsqlDataReader.NextResult(Boolean async, Boolean isConsuming, CancellationToken cancellationToken)
         at Npgsql.NpgsqlCommand.ExecuteReader(Boolean async, CommandBehavior behavior, CancellationToken cancellationToken)
         at Npgsql.NpgsqlCommand.ExecuteReader(Boolean async, CommandBehavior behavior, CancellationToken cancellationToken)
         at Npgsql.NpgsqlCommand.ExecuteDbDataReaderAsync(CommandBehavior behavior, CancellationToken cancellationToken)
         at Microsoft.EntityFrameworkCore.Storage.RelationalCommand.ExecuteReaderAsync(RelationalCommandParameterObject parameterObject, CancellationToken cancellationToken)
         at Microsoft.EntityFrameworkCore.Storage.RelationalCommand.ExecuteReaderAsync(RelationalCommandParameterObject parameterObject, CancellationToken cancellationToken)
         at Microsoft.EntityFrameworkCore.Update.ReaderModificationCommandBatch.ExecuteAsync(IRelationalConnection connection, CancellationToken cancellationToken)
        Exception data:
          Severity: ERROR
          SqlState: 23505
          MessageText: duplicate key value violates unique constraint "IX_users_UserListId_Email"
          Detail: Detail redacted as it may contain sensitive data. Specify 'Include Error Detail' in the connection string to include this information.
          SchemaName: public
          TableName: users
          ConstraintName: IX_users_UserListId_Email
          File: nbtinsert.c
          Line: 666
          Routine: _bt_check_unique
         --- End of inner exception stack trace ---
         at Microsoft.EntityFrameworkCore.Update.ReaderModificationCommandBatch.ExecuteAsync(IRelationalConnection connection, CancellationToken cancellationToken)
         at Microsoft.EntityFrameworkCore.Update.Internal.BatchExecutor.ExecuteAsync(IEnumerable`1 commandBatches, IRelationalConnection connection, CancellationToken cancellationToken)
         at Microsoft.EntityFrameworkCore.Update.Internal.BatchExecutor.ExecuteAsync(IEnumerable`1 commandBatches, IRelationalConnection connection, CancellationToken cancellationToken)
         at Microsoft.EntityFrameworkCore.Update.Internal.BatchExecutor.ExecuteAsync(IEnumerable`1 commandBatches, IRelationalConnection connection, CancellationToken cancellationToken)
         at Microsoft.EntityFrameworkCore.Storage.RelationalDatabase.SaveChangesAsync(IList`1 entries, CancellationToken cancellationToken)
         at Microsoft.EntityFrameworkCore.ChangeTracking.Internal.StateManager.SaveChangesAsync(IList`1 entriesToSave, CancellationToken cancellationToken)
         at Microsoft.EntityFrameworkCore.ChangeTracking.Internal.StateManager.SaveChangesAsync(StateManager stateManager, Boolean acceptAllChangesOnSuccess, CancellationToken cancellationToken)
         at Npgsql.EntityFrameworkCore.PostgreSQL.Storage.Internal.NpgsqlExecutionStrategy.ExecuteAsync[TState,TResult](TState state, Func`4 operation, Func`4 verifySucceeded, CancellationToken cancellationToken)
         at Microsoft.EntityFrameworkCore.DbContext.SaveChangesAsync(Boolean acceptAllChangesOnSuccess, CancellationToken cancellationToken)
      Microsoft.EntityFrameworkCore.DbUpdateException: An error occurred while saving the entity changes. See the inner exception for details.
       ---&gt; Npgsql.PostgresException (0x80004005): 23505: duplicate key value violates unique constraint "IX_users_UserListId_Email"
      DETAIL: Detail redacted as it may contain sensitive data. Specify 'Include Error Detail' in the connection string to include this information.
         at Npgsql.Internal.NpgsqlConnector.ReadMessageLong(Boolean async, DataRowLoadingMode dataRowLoadingMode, Boolean readingNotifications, Boolean isReadingPrependedMessage)
         at System.Runtime.CompilerServices.PoolingAsyncValueTaskMethodBuilder`1.StateMachineBox`1.System.Threading.Tasks.Sources.IValueTaskSource&lt;TResult&gt;.GetResult(Int16 token)
         at Npgsql.NpgsqlDataReader.NextResult(Boolean async, Boolean isConsuming, CancellationToken cancellationToken)
         at Npgsql.NpgsqlDataReader.NextResult(Boolean async, Boolean isConsuming, CancellationToken cancellationToken)
         at Npgsql.NpgsqlCommand.ExecuteReader(Boolean async, CommandBehavior behavior, CancellationToken cancellationToken)
         at Npgsql.NpgsqlCommand.ExecuteReader(Boolean async, CommandBehavior behavior, CancellationToken cancellationToken)
         at Npgsql.NpgsqlCommand.ExecuteDbDataReaderAsync(CommandBehavior behavior, CancellationToken cancellationToken)
         at Microsoft.EntityFrameworkCore.Storage.RelationalCommand.ExecuteReaderAsync(RelationalCommandParameterObject parameterObject, CancellationToken cancellationToken)
         at Microsoft.EntityFrameworkCore.Storage.RelationalCommand.ExecuteReaderAsync(RelationalCommandParameterObject parameterObject, CancellationToken cancellationToken)
         at Microsoft.EntityFrameworkCore.Update.ReaderModificationCommandBatch.ExecuteAsync(IRelationalConnection connection, CancellationToken cancellationToken)
        Exception data:
          Severity: ERROR
          SqlState: 23505
          MessageText: duplicate key value violates unique constraint "IX_users_UserListId_Email"
          Detail: Detail redacted as it may contain sensitive data. Specify 'Include Error Detail' in the connection string to include this information.
          SchemaName: public
          TableName: users
          ConstraintName: IX_users_UserListId_Email
          File: nbtinsert.c
          Line: 666
          Routine: _bt_check_unique
         --- End of inner exception stack trace ---
         at Microsoft.EntityFrameworkCore.Update.ReaderModificationCommandBatch.ExecuteAsync(IRelationalConnection connection, CancellationToken cancellationToken)
         at Microsoft.EntityFrameworkCore.Update.Internal.BatchExecutor.ExecuteAsync(IEnumerable`1 commandBatches, IRelationalConnection connection, CancellationToken cancellationToken)
         at Microsoft.EntityFrameworkCore.Update.Internal.BatchExecutor.ExecuteAsync(IEnumerable`1 commandBatches, IRelationalConnection connection, CancellationToken cancellationToken)
         at Microsoft.EntityFrameworkCore.Update.Internal.BatchExecutor.ExecuteAsync(IEnumerable`1 commandBatches, IRelationalConnection connection, CancellationToken cancellationToken)
         at Microsoft.EntityFrameworkCore.Storage.RelationalDatabase.SaveChangesAsync(IList`1 entries, CancellationToken cancellationToken)
         at Microsoft.EntityFrameworkCore.ChangeTracking.Internal.StateManager.SaveChangesAsync(IList`1 entriesToSave, CancellationToken cancellationToken)
         at Microsoft.EntityFrameworkCore.ChangeTracking.Internal.StateManager.SaveChangesAsync(StateManager stateManager, Boolean acceptAllChangesOnSuccess, CancellationToken cancellationToken)
         at Npgsql.EntityFrameworkCore.PostgreSQL.Storage.Internal.NpgsqlExecutionStrategy.ExecuteAsync[TState,TResult](TState state, Func`4 operation, Func`4 verifySucceeded, CancellationToken cancellationToken)
         at Microsoft.EntityFrameworkCore.DbContext.SaveChangesAsync(Boolean acceptAllChangesOnSuccess, CancellationToken cancellationToken)
fail: RediensIAM.Middleware.AppExceptionMiddleware[0]
      Unhandled exception for POST /api/manage/userlists/67f1033a-ae63-4ede-817e-85b5c646e8cd/users
      Microsoft.EntityFrameworkCore.DbUpdateException: An error occurred while saving the entity changes. See the inner exception for details.
       ---&gt; Npgsql.PostgresException (0x80004005): 23505: duplicate key value violates unique constraint "IX_users_UserListId_Email"
      DETAIL: Detail redacted as it may contain sensitive data. Specify 'Include Error Detail' in the connection string to include this information.
         at Npgsql.Internal.NpgsqlConnector.ReadMessageLong(Boolean async, DataRowLoadingMode dataRowLoadingMode, Boolean readingNotifications, Boolean isReadingPrependedMessage)
         at System.Runtime.CompilerServices.PoolingAsyncValueTaskMethodBuilder`1.StateMachineBox`1.System.Threading.Tasks.Sources.IValueTaskSource&lt;TResult&gt;.GetResult(Int16 token)
         at Npgsql.NpgsqlDataReader.NextResult(Boolean async, Boolean isConsuming, CancellationToken cancellationToken)
         at Npgsql.NpgsqlDataReader.NextResult(Boolean async, Boolean isConsuming, CancellationToken cancellationToken)
         at Npgsql.NpgsqlCommand.ExecuteReader(Boolean async, CommandBehavior behavior, CancellationToken cancellationToken)
         at Npgsql.NpgsqlCommand.ExecuteReader(Boolean async, CommandBehavior behavior, CancellationToken cancellationToken)
         at Npgsql.NpgsqlCommand.ExecuteDbDataReaderAsync(CommandBehavior behavior, CancellationToken cancellationToken)
         at Microsoft.EntityFrameworkCore.Storage.RelationalCommand.ExecuteReaderAsync(RelationalCommandParameterObject parameterObject, CancellationToken cancellationToken)
         at Microsoft.EntityFrameworkCore.Storage.RelationalCommand.ExecuteReaderAsync(RelationalCommandParameterObject parameterObject, CancellationToken cancellationToken)
         at Microsoft.EntityFrameworkCore.Update.ReaderModificationCommandBatch.ExecuteAsync(IRelationalConnection connection, CancellationToken cancellationToken)
        Exception data:
          Severity: ERROR
          SqlState: 23505
          MessageText: duplicate key value violates unique constraint "IX_users_UserListId_Email"
          Detail: Detail redacted as it may contain sensitive data. Specify 'Include Error Detail' in the connection string to include this information.
          SchemaName: public
          TableName: users
          ConstraintName: IX_users_UserListId_Email
          File: nbtinsert.c
          Line: 666
          Routine: _bt_check_unique
         --- End of inner exception stack trace ---
         at Microsoft.EntityFrameworkCore.Update.ReaderModificationCommandBatch.ExecuteAsync(IRelationalConnection connection, CancellationToken cancellationToken)
         at Microsoft.EntityFrameworkCore.Update.Internal.BatchExecutor.ExecuteAsync(IEnumerable`1 commandBatches, IRelationalConnection connection, CancellationToken cancellationToken)
         at Microsoft.EntityFrameworkCore.Update.Internal.BatchExecutor.ExecuteAsync(IEnumerable`1 commandBatches, IRelationalConnection connection, CancellationToken cancellationToken)
         at Microsoft.EntityFrameworkCore.Update.Internal.BatchExecutor.ExecuteAsync(IEnumerable`1 commandBatches, IRelationalConnection connection, CancellationToken cancellationToken)
         at Microsoft.EntityFrameworkCore.Storage.RelationalDatabase.SaveChangesAsync(IList`1 entries, CancellationToken cancellationToken)
         at Microsoft.EntityFrameworkCore.ChangeTracking.Internal.StateManager.SaveChangesAsync(IList`1 entriesToSave, CancellationToken cancellationToken)
         at Microsoft.EntityFrameworkCore.ChangeTracking.Internal.StateManager.SaveChangesAsync(StateManager stateManager, Boolean acceptAllChangesOnSuccess, CancellationToken cancellationToken)
         at Npgsql.EntityFrameworkCore.PostgreSQL.Storage.Internal.NpgsqlExecutionStrategy.ExecuteAsync[TState,TResult](TState state, Func`4 operation, Func`4 verifySucceeded, CancellationToken cancellationToken)
         at Microsoft.EntityFrameworkCore.DbContext.SaveChangesAsync(Boolean acceptAllChangesOnSuccess, CancellationToken cancellationToken)
         at Microsoft.EntityFrameworkCore.DbContext.SaveChangesAsync(Boolean acceptAllChangesOnSuccess, CancellationToken cancellationToken)
         at RediensIAM.Controllers.ManagedApiController.AddUserToList(Guid id, AdminCreateUserRequest body) in /home/guille/Desktop/Workspace/RediensIAM/src/Controllers/ManagedApiController.cs:line 174
         at Microsoft.AspNetCore.Mvc.Infrastructure.ActionMethodExecutor.TaskOfIActionResultExecutor.Execute(ActionContext actionContext, IActionResultTypeMapper mapper, ObjectMethodExecutor executor, Object controller, Object[] arguments)
         at Microsoft.AspNetCore.Mvc.Infrastructure.ControllerActionInvoker.&lt;InvokeActionMethodAsync&gt;g__Awaited|12_0(ControllerActionInvoker invoker, ValueTask`1 actionResultValueTask)
         at Microsoft.AspNetCore.Mvc.Infrastructure.ControllerActionInvoker.&lt;InvokeNextActionFilterAsync&gt;g__Awaited|10_0(ControllerActionInvoker invoker, Task lastTask, State next, Scope scope, Object state, Boolean isCompleted)
         at Microsoft.AspNetCore.Mvc.Infrastructure.ControllerActionInvoker.Rethrow(ActionExecutedContextSealed context)
         at Microsoft.AspNetCore.Mvc.Infrastructure.ControllerActionInvoker.Next(State&amp; next, Scope&amp; scope, Object&amp; state, Boolean&amp; isCompleted)
         at Microsoft.AspNetCore.Mvc.Infrastructure.ControllerActionInvoker.&lt;InvokeInnerFilterAsync&gt;g__Awaited|13_0(ControllerActionInvoker invoker, Task lastTask, State next, Scope scope, Object state, Boolean isCompleted)
         at Microsoft.AspNetCore.Mvc.Infrastructure.ResourceInvoker.&lt;InvokeFilterPipelineAsync&gt;g__Awaited|20_0(ResourceInvoker invoker, Task lastTask, State next, Scope scope, Object state, Boolean isCompleted)
         at Microsoft.AspNetCore.Mvc.Infrastructure.ResourceInvoker.&lt;InvokeAsync&gt;g__Awaited|17_0(ResourceInvoker invoker, Task task, IDisposable scope)
         at Microsoft.AspNetCore.Mvc.Infrastructure.ResourceInvoker.&lt;InvokeAsync&gt;g__Awaited|17_0(ResourceInvoker invoker, Task task, IDisposable scope)
         at RediensIAM.Middleware.GatewayAuthMiddleware.InvokeAsync(HttpContext ctx) in /home/guille/Desktop/Workspace/RediensIAM/src/Middleware/GatewayAuthMiddleware.cs:line 52
         at Microsoft.AspNetCore.Session.SessionMiddleware.Invoke(HttpContext context)
         at Microsoft.AspNetCore.Session.SessionMiddleware.Invoke(HttpContext context)
         at Prometheus.HttpMetrics.HttpRequestDurationMiddleware.Invoke(HttpContext context)
         at Prometheus.HttpMetrics.HttpRequestCountMiddleware.Invoke(HttpContext context)
         at Prometheus.HttpMetrics.HttpInProgressMiddleware.Invoke(HttpContext context)
         at Program.&lt;&gt;c.&lt;&lt;&lt;Main&gt;$&gt;b__0_12&gt;d.MoveNext() in /home/guille/Desktop/Workspace/RediensIAM/src/Program.cs:line 301
      --- End of stack trace from previous location ---
         at RediensIAM.Middleware.AppExceptionMiddleware.InvokeAsync(HttpContext ctx) in /home/guille/Desktop/Workspace/RediensIAM/src/Middleware/AppExceptionMiddleware.cs:line 11
[xUnit.net 00:01:01.97]       Expected res.StatusCode to be HttpStatusCode.Conflict {value: 409}, but found HttpStatusCode.InternalServerError {value: 500}.
[xUnit.net 00:01:01.97]       Stack Trace:
[xUnit.net 00:01:01.97]            at FluentAssertions.Primitives.EnumAssertions`2.Be(TEnum expected, String because, Object[] becauseArgs)
[xUnit.net 00:01:01.97]         /home/guille/Desktop/Workspace/RediensIAM/tests/RediensIAM.IntegrationTests/Tests/ManagedApi/ManagedApiTests.cs(297,0): at RediensIAM.IntegrationTests.Tests.ManagedApi.ManagedApiTests.AddUser_SuperAdmin_DuplicateEmail_Returns409()
[xUnit.net 00:01:01.97]         --- End of stack trace from previous location ---
info: System.Net.Http.HttpClient.hydra-admin.LogicalHandler[100]
      Start processing HTTP request POST http://localhost:42847/admin/oauth2/introspect
info: System.Net.Http.HttpClient.hydra-admin.ClientHandler[100]
      Sending HTTP request POST http://localhost:42847/admin/oauth2/introspect
info: System.Net.Http.HttpClient.hydra-admin.ClientHandler[101]
      Received HTTP response headers after 4.1346ms - 200
info: System.Net.Http.HttpClient.hydra-admin.LogicalHandler[101]
      End processing HTTP request after 4.19ms - 200
[xUnit.net 00:01:02.03]       Expected res.StatusCode to be HttpStatusCode.OK {value: 200}, but found HttpStatusCode.NotFound {value: 404}.
[xUnit.net 00:01:02.03]       Stack Trace:
[xUnit.net 00:01:02.03]            at FluentAssertions.Primitives.EnumAssertions`2.Be(TEnum expected, String because, Object[] becauseArgs)
[xUnit.net 00:01:02.03]         /home/guille/Desktop/Workspace/RediensIAM/tests/RediensIAM.IntegrationTests/Tests/ManagedApi/ManagedApiTests.cs(55,0): at RediensIAM.IntegrationTests.Tests.ManagedApi.ManagedApiTests.ListOrgs_SuperAdmin_Returns200WithArray()
[xUnit.net 00:01:02.03]         --- End of stack trace from previous location ---
info: System.Net.Http.HttpClient.hydra-admin.LogicalHandler[100]
      Start processing HTTP request POST http://localhost:42847/admin/oauth2/introspect
info: System.Net.Http.HttpClient.hydra-admin.ClientHandler[100]
      Sending HTTP request POST http://localhost:42847/admin/oauth2/introspect
info: System.Net.Http.HttpClient.hydra-admin.ClientHandler[101]
      Received HTTP response headers after 7.6579ms - 200
info: System.Net.Http.HttpClient.hydra-admin.LogicalHandler[101]
      End processing HTTP request after 7.721ms - 200
info: System.Net.Http.HttpClient.hydra-admin.LogicalHandler[100]
      Start processing HTTP request POST http://localhost:42847/admin/oauth2/introspect
info: System.Net.Http.HttpClient.hydra-admin.ClientHandler[100]
      Sending HTTP request POST http://localhost:42847/admin/oauth2/introspect
info: System.Net.Http.HttpClient.hydra-admin.ClientHandler[101]
      Received HTTP response headers after 8.5483ms - 200
info: System.Net.Http.HttpClient.hydra-admin.LogicalHandler[101]
      End processing HTTP request after 8.6197ms - 200
[xUnit.net 00:01:02.15]       Expected res.StatusCode to be HttpStatusCode.Forbidden {value: 403}, but found HttpStatusCode.NotFound {value: 404}.
[xUnit.net 00:01:02.15]       Stack Trace:
[xUnit.net 00:01:02.15]            at FluentAssertions.Primitives.EnumAssertions`2.Be(TEnum expected, String because, Object[] becauseArgs)
[xUnit.net 00:01:02.15]         /home/guille/Desktop/Workspace/RediensIAM/tests/RediensIAM.IntegrationTests/Tests/ManagedApi/ManagedApiTests.cs(198,0): at RediensIAM.IntegrationTests.Tests.ManagedApi.ManagedApiTests.ListUserLists_OrgAdmin_Returns403()
[xUnit.net 00:01:02.15]         --- End of stack trace from previous location ---
info: System.Net.Http.HttpClient.hydra-admin.LogicalHandler[100]
      Start processing HTTP request POST http://localhost:42847/admin/oauth2/introspect
info: System.Net.Http.HttpClient.hydra-admin.ClientHandler[100]
      Sending HTTP request POST http://localhost:42847/admin/oauth2/introspect
info: System.Net.Http.HttpClient.hydra-admin.ClientHandler[101]
      Received HTTP response headers after 5.0515ms - 200
info: System.Net.Http.HttpClient.hydra-admin.LogicalHandler[101]
      End processing HTTP request after 5.1056ms - 200
[xUnit.net 00:01:02.21]       Expected res.StatusCode to be HttpStatusCode.Forbidden {value: 403}, but found HttpStatusCode.MethodNotAllowed {value: 405}.
[xUnit.net 00:01:02.21]       Stack Trace:
[xUnit.net 00:01:02.21]            at FluentAssertions.Primitives.EnumAssertions`2.Be(TEnum expected, String because, Object[] becauseArgs)
[xUnit.net 00:01:02.21]         /home/guille/Desktop/Workspace/RediensIAM/tests/RediensIAM.IntegrationTests/Tests/ManagedApi/ManagedApiTests.cs(171,0): at RediensIAM.IntegrationTests.Tests.ManagedApi.ManagedApiTests.CreateProject_OrgAdmin_Returns403()
[xUnit.net 00:01:02.21]         --- End of stack trace from previous location ---
info: System.Net.Http.HttpClient.hydra-admin.LogicalHandler[100]
      Start processing HTTP request POST http://localhost:42847/admin/oauth2/introspect
info: System.Net.Http.HttpClient.hydra-admin.ClientHandler[100]
      Sending HTTP request POST http://localhost:42847/admin/oauth2/introspect
info: System.Net.Http.HttpClient.hydra-admin.ClientHandler[101]
      Received HTTP response headers after 4.0311ms - 200
info: System.Net.Http.HttpClient.hydra-admin.LogicalHandler[101]
      End processing HTTP request after 4.0818ms - 200
[xUnit.net 00:01:02.26]       Expected res.StatusCode to be HttpStatusCode.OK {value: 200}, but found HttpStatusCode.NotFound {value: 404}.
[xUnit.net 00:01:02.26]       Stack Trace:
[xUnit.net 00:01:02.26]            at FluentAssertions.Primitives.EnumAssertions`2.Be(TEnum expected, String because, Object[] becauseArgs)
[xUnit.net 00:01:02.26]         /home/guille/Desktop/Workspace/RediensIAM/tests/RediensIAM.IntegrationTests/Tests/ManagedApi/ManagedApiTests.cs(122,0): at RediensIAM.IntegrationTests.Tests.ManagedApi.ManagedApiTests.ListProjects_SuperAdmin_Returns200()
[xUnit.net 00:01:02.26]         --- End of stack trace from previous location ---
info: System.Net.Http.HttpClient.hydra-admin.LogicalHandler[100]
      Start processing HTTP request POST http://localhost:42847/admin/oauth2/introspect
info: System.Net.Http.HttpClient.hydra-admin.ClientHandler[100]
      Sending HTTP request POST http://localhost:42847/admin/oauth2/introspect
info: System.Net.Http.HttpClient.hydra-admin.ClientHandler[101]
      Received HTTP response headers after 7.5162ms - 200
info: System.Net.Http.HttpClient.hydra-admin.LogicalHandler[101]
      End processing HTTP request after 7.5834ms - 200
[xUnit.net 00:01:02.31]       Expected res.StatusCode to be HttpStatusCode.Forbidden {value: 403}, but found HttpStatusCode.MethodNotAllowed {value: 405}.
[xUnit.net 00:01:02.31]       Stack Trace:
[xUnit.net 00:01:02.31]            at FluentAssertions.Primitives.EnumAssertions`2.Be(TEnum expected, String because, Object[] becauseArgs)
[xUnit.net 00:01:02.31]         /home/guille/Desktop/Workspace/RediensIAM/tests/RediensIAM.IntegrationTests/Tests/ManagedApi/ManagedApiTests.cs(108,0): at RediensIAM.IntegrationTests.Tests.ManagedApi.ManagedApiTests.CreateOrg_OrgAdmin_Returns403()
[xUnit.net 00:01:02.31]         --- End of stack trace from previous location ---
info: System.Net.Http.HttpClient.hydra-admin.LogicalHandler[100]
      Start processing HTTP request POST http://localhost:42847/admin/oauth2/introspect
info: System.Net.Http.HttpClient.hydra-admin.ClientHandler[100]
      Sending HTTP request POST http://localhost:42847/admin/oauth2/introspect
info: System.Net.Http.HttpClient.hydra-admin.ClientHandler[101]
      Received HTTP response headers after 6.851ms - 200
info: System.Net.Http.HttpClient.hydra-admin.LogicalHandler[101]
      End processing HTTP request after 6.9241ms - 200
[xUnit.net 00:01:02.37]       Expected res.StatusCode to be HttpStatusCode.Created {value: 201}, but found HttpStatusCode.MethodNotAllowed {value: 405}.
[xUnit.net 00:01:02.37]       Stack Trace:
[xUnit.net 00:01:02.37]            at FluentAssertions.Primitives.EnumAssertions`2.Be(TEnum expected, String because, Object[] becauseArgs)
[xUnit.net 00:01:02.37]         /home/guille/Desktop/Workspace/RediensIAM/tests/RediensIAM.IntegrationTests/Tests/ManagedApi/ManagedApiTests.cs(91,0): at RediensIAM.IntegrationTests.Tests.ManagedApi.ManagedApiTests.CreateOrg_SuperAdmin_Returns201WithId()
[xUnit.net 00:01:02.37]         --- End of stack trace from previous location ---
info: System.Net.Http.HttpClient.hydra-admin.LogicalHandler[100]
      Start processing HTTP request POST http://localhost:42847/admin/oauth2/introspect
info: System.Net.Http.HttpClient.hydra-admin.ClientHandler[100]
      Sending HTTP request POST http://localhost:42847/admin/oauth2/introspect
info: System.Net.Http.HttpClient.hydra-admin.ClientHandler[101]
      Received HTTP response headers after 7.4243ms - 200
info: System.Net.Http.HttpClient.hydra-admin.LogicalHandler[101]
      End processing HTTP request after 7.5136ms - 200
[xUnit.net 00:01:02.46]       Expected res.StatusCode to be HttpStatusCode.Forbidden {value: 403}, but found HttpStatusCode.MethodNotAllowed {value: 405}.
[xUnit.net 00:01:02.46]       Stack Trace:
[xUnit.net 00:01:02.46]            at FluentAssertions.Primitives.EnumAssertions`2.Be(TEnum expected, String because, Object[] becauseArgs)
[xUnit.net 00:01:02.46]         /home/guille/Desktop/Workspace/RediensIAM/tests/RediensIAM.IntegrationTests/Tests/ManagedApi/ManagedApiTests.cs(231,0): at RediensIAM.IntegrationTests.Tests.ManagedApi.ManagedApiTests.CreateUserList_OrgAdmin_Returns403()
[xUnit.net 00:01:02.46]         --- End of stack trace from previous location ---
info: System.Net.Http.HttpClient.hydra-admin.LogicalHandler[100]
      Start processing HTTP request POST http://localhost:42847/admin/oauth2/introspect
info: System.Net.Http.HttpClient.hydra-admin.ClientHandler[100]
      Sending HTTP request POST http://localhost:42847/admin/oauth2/introspect
info: System.Net.Http.HttpClient.hydra-admin.ClientHandler[101]
      Received HTTP response headers after 4.2596ms - 200
info: System.Net.Http.HttpClient.hydra-admin.LogicalHandler[101]
      End processing HTTP request after 4.3315ms - 200
[xUnit.net 00:01:02.53]       Expected res.StatusCode to be HttpStatusCode.Forbidden {value: 403}, but found HttpStatusCode.NotFound {value: 404}.
[xUnit.net 00:01:02.53]       Stack Trace:
[xUnit.net 00:01:02.53]            at FluentAssertions.Primitives.EnumAssertions`2.Be(TEnum expected, String because, Object[] becauseArgs)
[xUnit.net 00:01:02.53]         /home/guille/Desktop/Workspace/RediensIAM/tests/RediensIAM.IntegrationTests/Tests/ManagedApi/ManagedApiTests.cs(136,0): at RediensIAM.IntegrationTests.Tests.ManagedApi.ManagedApiTests.ListProjects_OrgAdmin_Returns403()
[xUnit.net 00:01:02.53]         --- End of stack trace from previous location ---
info: System.Net.Http.HttpClient.hydra-admin.LogicalHandler[100]
      Start processing HTTP request POST http://localhost:42847/admin/oauth2/introspect
info: System.Net.Http.HttpClient.hydra-admin.ClientHandler[100]
      Sending HTTP request POST http://localhost:42847/admin/oauth2/introspect
info: System.Net.Http.HttpClient.hydra-admin.ClientHandler[101]
      Received HTTP response headers after 7.9525ms - 200
info: System.Net.Http.HttpClient.hydra-admin.LogicalHandler[101]
      End processing HTTP request after 8.0256ms - 200
[xUnit.net 00:01:02.59]       Expected res.StatusCode to be HttpStatusCode.Created {value: 201}, but found HttpStatusCode.MethodNotAllowed {value: 405}.
[xUnit.net 00:01:02.59]       Stack Trace:
[xUnit.net 00:01:02.59]            at FluentAssertions.Primitives.EnumAssertions`2.Be(TEnum expected, String because, Object[] becauseArgs)
[xUnit.net 00:01:02.59]         /home/guille/Desktop/Workspace/RediensIAM/tests/RediensIAM.IntegrationTests/Tests/ManagedApi/ManagedApiTests.cs(214,0): at RediensIAM.IntegrationTests.Tests.ManagedApi.ManagedApiTests.CreateUserList_SuperAdmin_Returns201WithId()
[xUnit.net 00:01:02.59]         --- End of stack trace from previous location ---
info: System.Net.Http.HttpClient.hydra-admin.LogicalHandler[100]
      Start processing HTTP request POST http://localhost:42847/admin/oauth2/introspect
info: System.Net.Http.HttpClient.hydra-admin.ClientHandler[100]
      Sending HTTP request POST http://localhost:42847/admin/oauth2/introspect
info: System.Net.Http.HttpClient.hydra-admin.ClientHandler[101]
      Received HTTP response headers after 4.0771ms - 200
info: System.Net.Http.HttpClient.hydra-admin.LogicalHandler[101]
      End processing HTTP request after 4.1392ms - 200
info: System.Net.Http.HttpClient.keto-write.LogicalHandler[100]
      Start processing HTTP request PATCH http://localhost:36757/admin/relation-tuples
info: System.Net.Http.HttpClient.keto-write.ClientHandler[100]
      Sending HTTP request PATCH http://localhost:36757/admin/relation-tuples
info: System.Net.Http.HttpClient.keto-write.ClientHandler[101]
      Received HTTP response headers after 6.7528ms - 200
info: System.Net.Http.HttpClient.keto-write.LogicalHandler[101]
      End processing HTTP request after 6.8278ms - 200
info: System.Net.Http.HttpClient.hydra-admin.LogicalHandler[100]
      Start processing HTTP request POST http://localhost:42847/admin/oauth2/introspect
info: System.Net.Http.HttpClient.hydra-admin.ClientHandler[100]
      Sending HTTP request POST http://localhost:42847/admin/oauth2/introspect
info: System.Net.Http.HttpClient.hydra-admin.ClientHandler[101]
      Received HTTP response headers after 5.1101ms - 200
info: System.Net.Http.HttpClient.hydra-admin.LogicalHandler[101]
      End processing HTTP request after 5.1734ms - 200
[xUnit.net 00:01:02.80]       Expected res.StatusCode to be HttpStatusCode.Created {value: 201}, but found HttpStatusCode.MethodNotAllowed {value: 405}.
[xUnit.net 00:01:02.80]       Stack Trace:
[xUnit.net 00:01:02.80]            at FluentAssertions.Primitives.EnumAssertions`2.Be(TEnum expected, String because, Object[] becauseArgs)
[xUnit.net 00:01:02.80]         /home/guille/Desktop/Workspace/RediensIAM/tests/RediensIAM.IntegrationTests/Tests/ManagedApi/ManagedApiTests.cs(153,0): at RediensIAM.IntegrationTests.Tests.ManagedApi.ManagedApiTests.CreateProject_SuperAdmin_Returns201WithId()
[xUnit.net 00:01:02.80]         --- End of stack trace from previous location ---
info: System.Net.Http.HttpClient.hydra-admin.LogicalHandler[100]
      Start processing HTTP request POST http://localhost:42847/admin/oauth2/introspect
info: System.Net.Http.HttpClient.hydra-admin.ClientHandler[100]
      Sending HTTP request POST http://localhost:42847/admin/oauth2/introspect
info: System.Net.Http.HttpClient.hydra-admin.ClientHandler[101]
      Received HTTP response headers after 6.5151ms - 200
info: System.Net.Http.HttpClient.hydra-admin.LogicalHandler[101]
      End processing HTTP request after 6.5586ms - 200
[xUnit.net 00:01:02.85]       Expected res.StatusCode to be HttpStatusCode.Forbidden {value: 403}, but found HttpStatusCode.NotFound {value: 404}.
[xUnit.net 00:01:02.85]       Stack Trace:
[xUnit.net 00:01:02.85]            at FluentAssertions.Primitives.EnumAssertions`2.Be(TEnum expected, String because, Object[] becauseArgs)
[xUnit.net 00:01:02.85]         /home/guille/Desktop/Workspace/RediensIAM/tests/RediensIAM.IntegrationTests/Tests/ManagedApi/ManagedApiTests.cs(67,0): at RediensIAM.IntegrationTests.Tests.ManagedApi.ManagedApiTests.ListOrgs_OrgAdmin_Returns403()
[xUnit.net 00:01:02.85]         --- End of stack trace from previous location ---
info: Microsoft.Hosting.Lifetime[0]
      Application is shutting down...
[testcontainers.org 00:01:02.52] Delete Docker container f94f75da9059
[testcontainers.org 00:01:02.52] Delete Docker container a12e6de05c4d
[xUnit.net 00:01:03.19]   Finished:    RediensIAM.IntegrationTests
</StdOut>
    </Output>
    <RunInfos>
      <RunInfo computerName="desktop" outcome="Error" timestamp="2026-04-05T15:03:42.4582045+02:00">
        <Text>[xUnit.net 00:01:01.49]     RediensIAM.IntegrationTests.Tests.Auth.MfaLoginTests.Login_ProjectRequiresMfa_UserHasNoMfa_ReturnsMfaSetupRequired [FAIL]</Text>
      </RunInfo>
      <RunInfo computerName="desktop" outcome="Error" timestamp="2026-04-05T15:03:42.6036242+02:00">
        <Text>[xUnit.net 00:01:01.64]     RediensIAM.IntegrationTests.Tests.ManagedApi.ManagedApiTests.ListUserLists_SuperAdmin_Returns200 [FAIL]</Text>
      </RunInfo>
      <RunInfo computerName="desktop" outcome="Error" timestamp="2026-04-05T15:03:42.9325716+02:00">
        <Text>[xUnit.net 00:01:01.97]     RediensIAM.IntegrationTests.Tests.ManagedApi.ManagedApiTests.AddUser_SuperAdmin_DuplicateEmail_Returns409 [FAIL]</Text>
      </RunInfo>
      <RunInfo computerName="desktop" outcome="Error" timestamp="2026-04-05T15:03:42.9913142+02:00">
        <Text>[xUnit.net 00:01:02.03]     RediensIAM.IntegrationTests.Tests.ManagedApi.ManagedApiTests.ListOrgs_SuperAdmin_Returns200WithArray [FAIL]</Text>
      </RunInfo>
      <RunInfo computerName="desktop" outcome="Error" timestamp="2026-04-05T15:03:43.1115780+02:00">
        <Text>[xUnit.net 00:01:02.15]     RediensIAM.IntegrationTests.Tests.ManagedApi.ManagedApiTests.ListUserLists_OrgAdmin_Returns403 [FAIL]</Text>
      </RunInfo>
      <RunInfo computerName="desktop" outcome="Error" timestamp="2026-04-05T15:03:43.1706733+02:00">
        <Text>[xUnit.net 00:01:02.21]     RediensIAM.IntegrationTests.Tests.ManagedApi.ManagedApiTests.CreateProject_OrgAdmin_Returns403 [FAIL]</Text>
      </RunInfo>
      <RunInfo computerName="desktop" outcome="Error" timestamp="2026-04-05T15:03:43.2270763+02:00">
        <Text>[xUnit.net 00:01:02.26]     RediensIAM.IntegrationTests.Tests.ManagedApi.ManagedApiTests.ListProjects_SuperAdmin_Returns200 [FAIL]</Text>
      </RunInfo>
      <RunInfo computerName="desktop" outcome="Error" timestamp="2026-04-05T15:03:43.2753008+02:00">
        <Text>[xUnit.net 00:01:02.31]     RediensIAM.IntegrationTests.Tests.ManagedApi.ManagedApiTests.CreateOrg_OrgAdmin_Returns403 [FAIL]</Text>
      </RunInfo>
      <RunInfo computerName="desktop" outcome="Error" timestamp="2026-04-05T15:03:43.3361965+02:00">
        <Text>[xUnit.net 00:01:02.37]     RediensIAM.IntegrationTests.Tests.ManagedApi.ManagedApiTests.CreateOrg_SuperAdmin_Returns201WithId [FAIL]</Text>
      </RunInfo>
      <RunInfo computerName="desktop" outcome="Error" timestamp="2026-04-05T15:03:43.4224503+02:00">
        <Text>[xUnit.net 00:01:02.46]     RediensIAM.IntegrationTests.Tests.ManagedApi.ManagedApiTests.CreateUserList_OrgAdmin_Returns403 [FAIL]</Text>
      </RunInfo>
      <RunInfo computerName="desktop" outcome="Error" timestamp="2026-04-05T15:03:43.4976313+02:00">
        <Text>[xUnit.net 00:01:02.53]     RediensIAM.IntegrationTests.Tests.ManagedApi.ManagedApiTests.ListProjects_OrgAdmin_Returns403 [FAIL]</Text>
      </RunInfo>
      <RunInfo computerName="desktop" outcome="Error" timestamp="2026-04-05T15:03:43.5547566+02:00">
        <Text>[xUnit.net 00:01:02.59]     RediensIAM.IntegrationTests.Tests.ManagedApi.ManagedApiTests.CreateUserList_SuperAdmin_Returns201WithId [FAIL]</Text>
      </RunInfo>
      <RunInfo computerName="desktop" outcome="Error" timestamp="2026-04-05T15:03:43.7666454+02:00">
        <Text>[xUnit.net 00:01:02.80]     RediensIAM.IntegrationTests.Tests.ManagedApi.ManagedApiTests.CreateProject_SuperAdmin_Returns201WithId [FAIL]</Text>
      </RunInfo>
      <RunInfo computerName="desktop" outcome="Error" timestamp="2026-04-05T15:03:43.8155448+02:00">
        <Text>[xUnit.net 00:01:02.85]     RediensIAM.IntegrationTests.Tests.ManagedApi.ManagedApiTests.ListOrgs_OrgAdmin_Returns403 [FAIL]</Text>
      </RunInfo>
    </RunInfos>
  </ResultSummary>
</TestRun>